// Jest Snapshot v1, https://goo.gl/fbAQLP

exports[`<App /> should render some routes 1`] = `<div />`;
