// Jest Snapshot v1, https://goo.gl/fbAQLP

exports[`<Cap /> renders <Cap /> correctly 1`] = `null`;
